// Jest Snapshot v1, https://goo.gl/fbAQLP

exports[`updateRecord serie one item with big store 1`] = `
Immutable.Map {
  "data": Immutable.Map {
    "d1a38f41-2ac9-40cf-aa17-aeac9697e1c8": Immutable.Record {
      "id": "d1a38f41-2ac9-40cf-aa17-aeac9697e1c8",
      "title": "Naruto",
      "type_id": "106f524e-7283-44b8-aa84-25e9a7fb1f7d",
      "possessions_count": null,
    },
    "b54ddfa3-3188-4127-83aa-87917e8ec422": Immutable.Record {
      "id": "b54ddfa3-3188-4127-83aa-87917e8ec422",
      "title": "Soul Eater",
      "type_id": "106f524e-7283-44b8-aa84-25e9a7fb1f7d",
      "possessions_count": null,
    },
    "f0db2df6-dc0c-48cd-b3c4-88dd350c9cb0": Immutable.Record {
      "id": "f0db2df6-dc0c-48cd-b3c4-88dd350c9cb0",
      "title": "Naruto : Les Romans",
      "type_id": "bb3d92a9-020a-4d3f-adec-77bebe9980db",
      "possessions_count": null,
    },
    "a2e0ddcf-71c6-406c-aadc-ccbac2d3f668": Immutable.Record {
      "id": "a2e0ddcf-71c6-406c-aadc-ccbac2d3f668",
      "title": "Hunter X Hunter",
      "type_id": "106f524e-7283-44b8-aa84-25e9a7fb1f7d",
      "possessions_count": null,
    },
    "f41a928c-8450-40e9-805b-3ccf3ac49705": Immutable.Record {
      "id": "f41a928c-8450-40e9-805b-3ccf3ac49705",
      "title": "Berserk",
      "type_id": "106f524e-7283-44b8-aa84-25e9a7fb1f7d",
      "possessions_count": null,
    },
    "a02cf154-af6c-4f08-9a7a-32f7bc229ac8": Immutable.Record {
      "id": "a02cf154-af6c-4f08-9a7a-32f7bc229ac8",
      "title": "One Piece",
      "type_id": "106f524e-7283-44b8-aa84-25e9a7fb1f7d",
      "possessions_count": null,
    },
    "f59ab8de-2c3a-4bf2-a501-b844599646be": Immutable.Record {
      "id": "f59ab8de-2c3a-4bf2-a501-b844599646be",
      "title": "Radiant",
      "type_id": "3c009f18-811d-4b07-8dde-8249e422ec9e",
      "possessions_count": null,
    },
    "320071be-4196-402b-98d7-d34bec8a1aab": Immutable.Record {
      "id": "320071be-4196-402b-98d7-d34bec8a1aab",
      "title": "Death Note",
      "type_id": "106f524e-7283-44b8-aa84-25e9a7fb1f7d",
      "possessions_count": 3241,
    },
    "96138837-ef12-4a8f-869a-ea745047b41f": Immutable.Record {
      "id": "96138837-ef12-4a8f-869a-ea745047b41f",
      "title": "Dreamland",
      "type_id": "3c009f18-811d-4b07-8dde-8249e422ec9e",
      "possessions_count": null,
    },
    "b9652346-95db-45ef-982b-de9f9d3ac01f": Immutable.Record {
      "id": "b9652346-95db-45ef-982b-de9f9d3ac01f",
      "title": "Fullmetal Alchemist",
      "type_id": "106f524e-7283-44b8-aa84-25e9a7fb1f7d",
      "possessions_count": null,
    },
    "940629b6-a0df-4bd2-970d-b75d19336793": Immutable.Record {
      "id": "940629b6-a0df-4bd2-970d-b75d19336793",
      "title": "Dragon Ball",
      "type_id": "106f524e-7283-44b8-aa84-25e9a7fb1f7d",
      "possessions_count": null,
    },
    "ed7eaace-939f-4c1c-ad13-8e6c336257cf": Immutable.Record {
      "id": "ed7eaace-939f-4c1c-ad13-8e6c336257cf",
      "title": "L'Attaque des Titans",
      "type_id": "106f524e-7283-44b8-aa84-25e9a7fb1f7d",
      "possessions_count": null,
    },
  },
  "relations": Immutable.Map {
    "type_id": Immutable.Map {
      "106f524e-7283-44b8-aa84-25e9a7fb1f7d": Immutable.OrderedSet [
        "a02cf154-af6c-4f08-9a7a-32f7bc229ac8",
        "d1a38f41-2ac9-40cf-aa17-aeac9697e1c8",
        "940629b6-a0df-4bd2-970d-b75d19336793",
        "f41a928c-8450-40e9-805b-3ccf3ac49705",
        "b9652346-95db-45ef-982b-de9f9d3ac01f",
        "ed7eaace-939f-4c1c-ad13-8e6c336257cf",
        "320071be-4196-402b-98d7-d34bec8a1aab",
        "b54ddfa3-3188-4127-83aa-87917e8ec422",
        "a2e0ddcf-71c6-406c-aadc-ccbac2d3f668",
      ],
      "3c009f18-811d-4b07-8dde-8249e422ec9e": Immutable.OrderedSet [
        "96138837-ef12-4a8f-869a-ea745047b41f",
        "f59ab8de-2c3a-4bf2-a501-b844599646be",
      ],
      "bb3d92a9-020a-4d3f-adec-77bebe9980db": Immutable.OrderedSet [
        "f0db2df6-dc0c-48cd-b3c4-88dd350c9cb0",
      ],
    },
  },
}
`;

exports[`updateRecord serie one item with empty store 1`] = `
Immutable.Map {
  "data": Immutable.Map {
    "320071be-4196-402b-98d7-d34bec8a1aab": Immutable.Record {
      "id": "320071be-4196-402b-98d7-d34bec8a1aab",
      "title": "Death Note",
      "type_id": "106f524e-7283-44b8-aa84-25e9a7fb1f7d",
      "possessions_count": 3241,
    },
  },
  "relations": Immutable.Map {
    "type_id": Immutable.Map {
      "106f524e-7283-44b8-aa84-25e9a7fb1f7d": Immutable.OrderedSet [
        "320071be-4196-402b-98d7-d34bec8a1aab",
      ],
    },
  },
}
`;
